../Drivers/CMSIS/Include/core_cm4.h:1684:22:__NVIC_EnableIRQ	16	static,ignoring_inline_asm
../Core/Src/main.c:41:6:Delay_ms	24	static,ignoring_inline_asm
../Core/Src/main.c:46:6:Buzzer_Init	4	static
../Core/Src/main.c:69:6:USART1_Init	4	static
../Core/Src/main.c:75:6:UART1_SendString	16	static
../Core/Src/main.c:82:6:UART2_SendString	16	static
../Core/Src/main.c:89:6:USART2_Init	8	static
../Core/Src/main.c:97:6:USART2_IRQHandler	24	static
../Core/Src/main.c:114:6:TIM2_Encoder_Init	4	static
../Core/Src/main.c:122:6:Motor_Init	4	static
../Core/Src/main.c:130:6:Motor_SetSpeed	16	static
../Core/Src/main.c:145:6:ADC1_Init	8	static
../Core/Src/main.c:150:10:ADC1_Read	4	static
../Core/Src/main.c:155:6:Calibrate_ACS712	80	static
../Core/Src/main.c:177:6:TIM4_Timer_Init	8	static
../Core/Src/main.c:183:6:TIM4_IRQHandler	72	static
../Core/Src/main.c:267:5:main	160	static
