../Core/Src/ssd1306_i2c.c:58:6:I2C1_Init	4	static
../Core/Src/ssd1306_i2c.c:88:6:I2C_Reset	16	static
../Core/Src/ssd1306_i2c.c:96:6:I2C_WriteReg	24	static
../Core/Src/ssd1306_i2c.c:136:6:OLED_Cmd	16	static
../Core/Src/ssd1306_i2c.c:140:6:OLED_Data	16	static
../Core/Src/ssd1306_i2c.c:145:6:OLED_SetCursor	16	static
../Core/Src/ssd1306_i2c.c:152:6:OLED_Clear	16	static
../Core/Src/ssd1306_i2c.c:162:6:OLED_PrintChar	24	static
../Core/Src/ssd1306_i2c.c:171:6:OLED_PrintString	16	static
../Core/Src/ssd1306_i2c.c:179:6:OLED_Init	8	static
