../Drivers/CMSIS/Include/core_cm4.h:1684:22:__NVIC_EnableIRQ	16	static,ignoring_inline_asm
../Core/Src/main.c:22:6:Delay_ms	24	static,ignoring_inline_asm
../Core/Src/main.c:26:6:USART1_Init	4	static
../Core/Src/main.c:37:6:UART1_SendString	16	static
../Core/Src/main.c:44:6:USART2_Init	8	static
../Core/Src/main.c:56:6:UART2_SendString	16	static
../Core/Src/main.c:63:6:USART2_IRQHandler	24	static
../Core/Src/main.c:83:6:TIM2_Encoder_Init	4	static
../Core/Src/main.c:96:6:Motor_Init	4	static
../Core/Src/main.c:111:6:Apply_Force_Feedback	16	static
../Core/Src/main.c:126:6:TIM4_Timer_Init	8	static
../Core/Src/main.c:136:6:TIM4_IRQHandler	16	static
../Core/Src/main.c:149:5:main	96	static
